// Jest Snapshot v1, https://goo.gl/fbAQLP

exports[`renders without crashing 1`] = `
<View
  activeOpacity={0.7}
  style={
    Array [
      Object {
        "backgroundColor": "transparent",
        "height": 150,
        "paddingBottom": 10,
        "paddingRight": 10,
        "paddingTop": 10,
        "width": 150,
      },
      Object {
        "borderRadius": 75,
      },
      undefined,
    ]
  }
  uri="https://s3.amazonaws.com/uifaces/faces/twitter/ladylexy/128.jpg"
>
  <View
    style={
      Array [
        Object {
          "alignItems": "center",
          "alignSelf": "stretch",
          "backgroundColor": "rgba(0,0,0,0.2)",
          "bottom": 0,
          "flex": 1,
          "justifyContent": "center",
          "left": 0,
          "position": "absolute",
          "right": 0,
          "top": 0,
        },
        Object {
          "borderRadius": 75,
        },
        undefined,
      ]
    }
  >
    <Image
      source={
        Object {
          "uri": "https://s3.amazonaws.com/uifaces/faces/twitter/ladylexy/128.jpg",
        }
      }
      style={
        Array [
          Object {
            "height": 150,
            "width": 150,
          },
          Object {
            "borderRadius": 75,
          },
          undefined,
        ]
      }
    />
  </View>
</View>
`;
